// Jest Snapshot v1, https://goo.gl/fbAQLP

exports[`ProjectRow.test.js Template is correct 1`] = `
<div>
  <div name="show-row" class="row mb-1">
    <div class="col-sm-12">
      <router-link to="[object Object]" class="no-underline-router-link"><span class="project-header">Testi prkkis </span></router-link>
    </div>
    <div class="col-sm-12 duration-container"><span class="duration-item"><small>From</small><br>
        15.5.2017
      </span> <span class="duration-item"><small>To</small><br>
        16.6.2017
      </span></div>
    <!---->
  </div>
  <hr>
</div>
`;
