// Jest Snapshot v1, https://goo.gl/fbAQLP

exports[`UserProfileCard.test.js Template is correct 1`] = `
<div
  class="row skillRow"
  data-original-title=""
  title=""
>
  <div
    class="col-4 skillname text-right valign-middle"
  >
    
    Python:
  
  </div>
   
  <div
    class="col-8"
  >
    <div
      class="mb-6 progress"
      style="height: 0.9rem;"
    >
      <div
        aria-valuemax="5"
        aria-valuemin="0"
        aria-valuenow="2"
        class="progress-bar rytmi-progress-knowledge"
        role="progressbar"
        style="width: 40%;"
      >
        
          2
        
      </div>
       
      <span
        class="skilldesc-center"
        style="display: none;"
      >
        
        Junior
      
      </span>
    </div>
     
    <div
      class="mb-6 progress"
      style="height: 0.9rem;"
    >
      <div
        aria-valuemax="5"
        aria-valuemin="0"
        aria-valuenow="1"
        class="progress-bar rytmi-progress-wants"
        role="progressbar"
        style="width: 20%;"
      >
        
          1
        
      </div>
       
      <span
        class="skilldesc-center"
        style="display: none;"
      >
        1 - If I have to
      </span>
    </div>
  </div>
</div>
`;
