// Jest Snapshot v1, https://goo.gl/fbAQLP

exports[`ProjectList.test.js Template is correct 1`] = `"<b-container><h2>Projects</h2> </b-container>"`;
