// Jest Snapshot v1, https://goo.gl/fbAQLP

exports[`UserProfileCard.test.js Template is correct 1`] = `
"<div class=\\"row mb-1\\"><div class=\\"col-sm-12\\"><span style=\\"font-size: 24px;\\">mail </span></div> <div class=\\"col-sm-12\\"><span style=\\"color: rgb(248, 149, 0); font-size: 16px;\\">
        Testi prkkis  15.05.2017 - 16.06.2017 
      </span></div> <div class=\\"col-sm-12\\">
    w
  </div></div>"
`;
