// Jest Snapshot v1, https://goo.gl/fbAQLP

exports[`ProjectForm.test.js Template is correct 1`] = `
"<b-container><b-card><h3>
      Add a new Project
      <span class=\\"project-form-chevron\\"><i class=\\"fa fa-chevron-down\\"></i></span></h3> <!----> <!----></b-card></b-container>"
`;
