// Jest Snapshot v1, https://goo.gl/fbAQLP

exports[`Profile.test.js Template is correct 1`] = `
<div
  class="animated fadeIn"
>
  <b-row>
    <b-col>
      <!---->
    </b-col>
     
    <b-col>
      <b-card
        header="Taidot <i class=\\"float-right fa fa-edit\\"></i>"
      >
        <div
          class="row mb-1"
        >
          <!---->
        </div>
      </b-card>
       
      <b-card
        header="TyÃ¶kokemus"
      >
        <!---->
        <!---->
        <!---->
        <!---->
      </b-card>
    </b-col>
  </b-row>
</div>
`;
