// Jest Snapshot v1, https://goo.gl/fbAQLP

exports[`Profile.vue shallow Template is correct 1`] = `
<div
  class="animated fadeIn profile-editor"
>
  <!---->
   
  <!---->
</div>
`;
