// Jest Snapshot v1, https://goo.gl/fbAQLP

exports[`Admin.vue Template is correct 1`] = `
<div
  class="container"
>
  <h2>
    Admin
  </h2>
   
  <div
    class="row"
  >
    <div
      class="col-sm-12 col-md-6"
    >
      <div>
        <fieldset
          class="form-group"
          id="__BVID__7"
        >
          <legend
            class="col-form-label pt-0"
            id="__BVID__7__BV_label_"
            tabindex="-1"
          >
            Filter by name
          </legend>
          <div
            role="group"
            tabindex="-1"
          >
            <input
              class="form-control"
              id="__BVID__8"
              type="text"
            />
            <!---->
            <!---->
            <!---->
          </div>
        </fieldset>
         
        <div>
          
    Active User
          <span
            class="cui-check"
          />
          
    Admin User
          <span
            class="cui-cog"
          />
        </div>
         
        <div
          class="list-group"
        >
          <div
            class="list-group-item"
            name="select-user"
          >
            
      Abr Ofo
      
            <!---->
             
            <span
              class="cui-cog"
            />
          </div>
        </div>
        <div
          class="list-group"
        >
          <div
            class="list-group-item"
            name="select-user"
          >
            
      Bar Foo
      
            <span
              class="cui-check"
            />
             
            <span
              class="cui-cog"
            />
          </div>
        </div>
        <div
          class="list-group"
        >
          <div
            class="list-group-item"
            name="select-user"
          >
            
      Oof Rab
      
            <span
              class="cui-check"
            />
             
            <span
              class="cui-cog"
            />
          </div>
        </div>
        <div
          class="list-group"
        >
          <div
            class="list-group-item"
            name="select-user"
          >
            
      Rba Off
      
            <span
              class="cui-check"
            />
             
            <!---->
          </div>
        </div>
      </div>
    </div>
     
    <div
      class="col-sm-12 col-md-6"
    >
      <div
        id="edit-user-card"
      >
        <!---->
         
        <!---->
      </div>
    </div>
  </div>
</div>
`;
