// Jest Snapshot v1, https://goo.gl/fbAQLP

exports[`Project.vue Template is correct 1`] = `
<div>
  <div
    class="animated fadeIn project-container col-sm-12 col-md-7"
  >
    <b-row-stub
      tag="div"
    >
      <b-col-stub
        class="project-details"
        tag="div"
      >
        <b>
          50
        </b>
         
        <h1>
          Project Foo
        </h1>
         
        <div
          class="detail-container"
        >
          <span
            class="detail detail-start"
          >
            <small>
              Start date
            </small>
            <br />
             
            <b
              class="project-start-date"
            >
              1.1.2018
            </b>
          </span>
           
          <span
            class="detail detail-end"
          >
            <small>
              End date
            </small>
            <br />
             
            <b
              class="project-end-date"
            >
              1.5.2018
            </b>
          </span>
           
          <span
            class="detail members"
          >
            <small>
              Consultants
            </small>
            <br />
             
            <b>
              1
            </b>
          </span>
        </div>
         
        <p>
          <small>
            Description
          </small>
          <br />
          
          Foo Bar
        
        </p>
      </b-col-stub>
    </b-row-stub>
     
    <b-row-stub
      tag="div"
    >
      <b-col-stub
        class="project-members"
        tag="div"
      >
        <projectmembertable-stub
          members="[object Object]"
        />
      </b-col-stub>
    </b-row-stub>
     
    <hr />
     
    <projectform-stub
      editableproject="[object Object]"
    />
     
    <hr />
     
    <div>
      <h3
        class="form-header"
      >
        
        Add a consultant
        
        <i
          class="fa fa-chevron-down"
        />
      </h3>
       
      <!---->
    </div>
     
    <hr />
     
    <div>
      <h3
        class="form-header"
      >
        
        Related skills
        
        <i
          class="fa fa-chevron-down"
        />
      </h3>
       
      <!---->
    </div>
  </div>
</div>
`;
