// Jest Snapshot v1, https://goo.gl/fbAQLP

exports[`Profile.vue shallow Template is correct 1`] = `
<div
  class="animated fadeIn col-sm-12 col-md-8 project-list-container"
>
  <collapsableitem-stub
    title="Add a new project"
  >
    <projectform-stub />
  </collapsableitem-stub>
   
  <projectlist-stub />
</div>
`;
